---
source: workspaces/tiling/src/./path_tests.rs
expression: "Path::default().from_string(\"2\")"
---
Err(
    InvalidShape {
        shape: "2",
        reason: "invalid",
    },
)
