---
source: workspaces/tiling/src/./transform_tests.rs
expression: "Transform::from_string(\"t\".into(), &Shape::Triangle.into())"
---
Err(
    InvalidOperation {
        operation: "t",
        reason: "invalid",
    },
)
