---
source: workspaces/tilings/src-rust/tiling/src/./polygon_tests.rs
expression: "Polygon::default().with_shape(Shape::Hexagon).at_center(1)"
---
Polygon {
    bbox: BBox {
        min: Point {
            x: -1.0,
            y: -0.866025403784439,
            vertex_type: None,
        },
        max: Point {
            x: 1.0,
            y: 0.8660254037844387,
            vertex_type: None,
        },
    },
    centroid: Point {
        x: -1.4802973661668753e-16,
        y: 0.0,
        vertex_type: None,
    },
    line_segments: [
        LineSegment {
            p1: Point {
                x: 0.49999999999999933,
                y: -0.866025403784439,
                vertex_type: None,
            },
            p2: Point {
                x: 1.0,
                y: 0.0,
                vertex_type: None,
            },
        },
        LineSegment {
            p1: Point {
                x: 1.0,
                y: 0.0,
                vertex_type: None,
            },
            p2: Point {
                x: 0.5000000000000001,
                y: 0.8660254037844386,
                vertex_type: None,
            },
        },
        LineSegment {
            p1: Point {
                x: 0.5000000000000001,
                y: 0.8660254037844386,
                vertex_type: None,
            },
            p2: Point {
                x: -0.49999999999999983,
                y: 0.8660254037844387,
                vertex_type: None,
            },
        },
        LineSegment {
            p1: Point {
                x: -0.49999999999999983,
                y: 0.8660254037844387,
                vertex_type: None,
            },
            p2: Point {
                x: -1.0,
                y: 1.2246467991473532e-16,
                vertex_type: None,
            },
        },
        LineSegment {
            p1: Point {
                x: -1.0,
                y: 1.2246467991473532e-16,
                vertex_type: None,
            },
            p2: Point {
                x: -0.5000000000000004,
                y: -0.8660254037844384,
                vertex_type: None,
            },
        },
        LineSegment {
            p1: Point {
                x: -0.5000000000000004,
                y: -0.8660254037844384,
                vertex_type: None,
            },
            p2: Point {
                x: 0.49999999999999933,
                y: -0.866025403784439,
                vertex_type: None,
            },
        },
    ],
    notation_index: 0,
    offset: Center,
    phase: Seed,
    points: [
        Point {
            x: 0.49999999999999933,
            y: -0.866025403784439,
            vertex_type: None,
        },
        Point {
            x: 1.0,
            y: 0.0,
            vertex_type: None,
        },
        Point {
            x: 0.5000000000000001,
            y: 0.8660254037844386,
            vertex_type: None,
        },
        Point {
            x: -0.49999999999999983,
            y: 0.8660254037844387,
            vertex_type: None,
        },
        Point {
            x: -1.0,
            y: 1.2246467991473532e-16,
            vertex_type: None,
        },
        Point {
            x: -0.5000000000000004,
            y: -0.8660254037844384,
            vertex_type: None,
        },
    ],
    shape: Hexagon,
    shape_type: None,
    stage_index: 0,
}
