---
source: workspaces/tilings/src-rust/tiling/src/notation/./path_tests.rs
expression: "Path::default().from_string(\"2\")"
---
Err(
    InvalidShape {
        shape: "2",
        reason: "invalid",
    },
)
