---
source: workspaces/tilings/src-rust/tiling/src/notation/./path_tests.rs
expression: "Path::default().from_string(\"3-\", true)"
---
Ok(
    Path {
        nodes: [
            Seed(
                Seed {
                    shape: Triangle,
                    offset: Center,
                },
            ),
            Separator(
                Group,
            ),
        ],
    },
)
