---
source: workspaces/tilings/src-rust/tiling/src/notation/./transform_tests.rs
expression: "Transform::from_string(\"t\", &Shape::Triangle.into())"
---
Err(
    InvalidOperation {
        operation: "t",
        reason: "invalid",
    },
)
