---
source: workspaces/tilings/src-rust/generator/src/notation/./transform_tests.rs
expression: "Transform::from_string(\"r0\", &Shape::Triangle.into())"
---
Err(
    InvalidTransformValue {
        value: "0",
        reason: "must be a multiple of 60 and less than or equal to 180",
    },
)
