---
source: workspaces/tilings/src-rust/generator/src/notation/./transform_tests.rs
expression: "Transform::from_string(\"r(x1)\", &Shape::Triangle.into())"
---
Err(
    InvalidOriginType {
        origin_type: "x",
        reason: "failed to parse",
    },
)
