---
source: workspaces/tilings/src-rust/tiling/src/./tiling_tests.rs
expression: VALID_TILINGS.lock().unwrap()
---
[
    "3/m30/m(h1)",
    "3/m30/r(h1)",
    "3/m30/r(h2)",
    "3/m30/r(h3)",
    "3/m60/m(h1)",
    "3/m60/r(h1)",
    "3/m60/r(h2)",
    "3/m60/r(h3)",
    "3/m90/r(h2)",
    "3/m120/r(h3)",
    "3/r60/m(h1)",
    "3/r60/r(h1)",
    "3/r60/r(h2)",
    "3/r60/r(h3)",
    "4/m45/m(h1)",
    "4/m45/m(h2)",
    "4/m45/m(h3)",
    "4/m45/m(h4)",
    "4/m45/r(h1)",
    "4/m45/r(h2)",
    "4/m45/r(h3)",
    "4/m45/r(h4)",
    "4/m135/m(h2)",
    "4/m135/m(h4)",
    "4/m135/r(h1)",
    "4/m135/r(h2)",
    "4/m135/r(h3)",
    "4/m135/r(h4)",
    "4/r90/m(h1)",
    "4/r90/m(h2)",
    "4/r90/m(h3)",
    "4/r90/m(h4)",
    "4/r90/r(h1)",
    "4/r90/r(h2)",
    "4/r90/r(h3)",
    "4/r90/r(h4)",
    "6/m30/m(h1)",
    "6/m30/m(h2)",
    "6/m30/m(h3)",
    "6/m30/m(h4)",
    "6/m30/m(h5)",
    "6/m30/m(h6)",
    "6/m30/r(h1)",
    "6/m30/r(h2)",
    "6/m30/r(h3)",
    "6/m30/r(h4)",
    "6/m30/r(h5)",
    "6/m30/r(h6)",
    "6/m90/r(h2)",
    "6/m90/r(h3)",
    "6/m90/r(h5)",
    "6/m90/r(h6)",
    "6/m150/m(h1)",
    "6/m150/m(h4)",
    "6/m150/r(h1)",
    "6/m150/r(h2)",
    "6/m150/r(h4)",
    "6/m150/r(h5)",
    "6/r60/m(h1)",
    "6/r60/m(h2)",
    "6/r60/m(h3)",
    "6/r60/m(h4)",
    "6/r60/m(h5)",
    "6/r60/m(h6)",
    "6/r60/r(h1)",
    "6/r60/r(h2)",
    "6/r60/r(h3)",
    "6/r60/r(h4)",
    "6/r60/r(h5)",
    "6/r60/r(h6)",
    "3-3/m30/m(h1)",
]
