---
source: workspaces/tiling/src/./path_tests.rs
expression: "Path::default().with_type_ahead(true).from_string(\"\")"
---
Ok(
    Path {
        option_type_ahead: true,
        nodes: [],
        index: 0,
    },
)
