---
source: workspaces/tilings/src-rust/tiling/src/geometry/./convex_hull_tests.rs
expression: "convex_hull.find_line_segment(Point::default().with_x(0.0).with_y(-1.0).rotate(f64::consts::PI,\nNone))"
---
{
  "start": {
    "x": 0.7071067811865476,
    "y": 0.7071067811865475,
    "index": 0
  },
  "end": {
    "x": -0.7071067811865475,
    "y": 0.7071067811865476,
    "index": 1
  }
}
