---
source: workspaces/tilings/src-rust/tiling/src/geometry/./convex_hull_tests.rs
expression: line_segment
---
{
  "start": {
    "x": 0.7071067811865476,
    "y": 0.7071067811865475,
    "index": 0
  },
  "end": {
    "x": -0.7071067811865475,
    "y": 0.7071067811865476,
    "index": 1
  }
}
