---
source: workspaces/tilings/src-rust/tiling/src/geometry/./convex_hull_tests.rs
expression: "ConvexHull::from_line_segments([LineSegment::default(),\nLineSegment::default()].iter())"
---
{
  "points": []
}
