---
source: workspaces/tilings/src-rust/tiling/src/geometry/./convex_hull_tests.rs
expression: "ConvexHull::from_line_segments(polygon.line_segments.iter())"
---
{
  "points": [
    {
      "x": -0.2588190451025207,
      "y": 0.9659258262890683,
      "index": 3
    },
    {
      "x": -0.7071067811865474,
      "y": 0.7071067811865477,
      "index": 4
    },
    {
      "x": -0.9659258262890682,
      "y": 0.2588190451025212,
      "index": 5
    },
    {
      "x": -0.9659258262890683,
      "y": -0.25881904510252063,
      "index": 6
    },
    {
      "x": -0.7071067811865477,
      "y": -0.7071067811865474,
      "index": 7
    },
    {
      "x": -0.2588190451025213,
      "y": -0.9659258262890681,
      "index": 8
    },
    {
      "x": 0.2588190451025206,
      "y": -0.9659258262890683,
      "index": 9
    },
    {
      "x": 0.707106781186547,
      "y": -0.7071067811865481,
      "index": 10
    },
    {
      "x": 0.9659258262890681,
      "y": -0.2588190451025213,
      "index": 11
    },
    {
      "x": 0.9659258262890683,
      "y": 0.25881904510252074,
      "index": 0
    },
    {
      "x": 0.7071067811865476,
      "y": 0.7071067811865475,
      "index": 1
    },
    {
      "x": 0.2588190451025209,
      "y": 0.9659258262890682,
      "index": 2
    }
  ]
}
