---
source: workspaces/spatial-grid-map/src-rust/./location_tests.rs
expression: "Location::new(1.0, Point(7.5, 7.5), None)"
---
Location {
    key: (
        7,
        7,
    ),
    point: Point(
        7.5,
        7.5,
    ),
    distance: 10.606601717798213,
    radians: 2.356194490192345,
}
