---
source: workspaces/spatial-grid-map/src-rust/./location_tests.rs
expression: "Location::new(1.0, Point(0.0, -8.1), None)"
---
Location {
    key: (
        0,
        -9,
    ),
    point: Point(
        0.0,
        -8.1,
    ),
    distance: 8.1,
    radians: 0.0,
}
