---
source: workspaces/spatial-grid-map/src-rust/./location_tests.rs
expression: "Location::new(2, 1.0, Point(0.0, 0.0), None)"
---
Location {
    key: (
        0,
        0,
    ),
    point: Point(
        0.0,
        0.0,
    ),
    contained: true,
    distance: 0.0,
    radians: 0.0,
}
