---
source: workspaces/spatial-grid-map/src-rust/./location_tests.rs
expression: sorted_locations_ids
---
[
    "top",
    "top-right",
    "right",
    "bottom-right",
    "bottom",
    "bottom-left",
    "left",
    "top-left",
]
